[prestigecity-sarjapur.in/index.html]
[backblue.gif]
[fade.gif]
[index.html]
[prestigecity-sarjapur.in/assets/img/logo/favicon.png]
[prestigecity-sarjapur.in/assets/fonts/roboto-bold-webfont.woff2]
[prestigecity-sarjapur.in/assets/fonts/roboto-regular-webfont.woff2]
[prestigecity-sarjapur.in/assets/fonts/muli-variablefont_wght-webfont.woff2]
[prestigecity-sarjapur.in/assets/fonts/micon.woff2]
[maxcdn.bootstrapcdn.com/bootstrap/4.1.1/css/bootstrap.min.css]
[stackpath.bootstrapcdn.com/bootstrap/4.1.1/js/bootstrap.bundle.min.js]
[use.fontawesome.com/releases/v5.7.2/css/all.css]
[cdnjs.cloudflare.com/ajax/libs/jquery/3.2.1/jquery.min.js]
[prestigecity-sarjapur.in/assets/vendor/owl.carousel/owl.carousel.min.js]
[prestigecity-sarjapur.in/assets/img/logo/logo.png]
[prestigecity-sarjapur.in/index-2.html]
[prestigecity-sarjapur.in/assets/svg/site/price.png]
[prestigecity-sarjapur.in/assets/svg/site/site-visit.png]
[prestigecity-sarjapur.in/assets/svg/site/amenities.png]
[prestigecity-sarjapur.in/assets/svg/site/location.png]
[prestigecity-sarjapur.in/assets/svg/site/video-play.png]
[prestigecity-sarjapur.in/assets/svg/site/bro-download.png]
[prestigecity-sarjapur.in/assets/img/gallery/Prestige City -slider1.jpg]
[prestigecity-sarjapur.in/assets/img/gallery/Prestige City -slider4.jpg]
[prestigecity-sarjapur.in/assets/img/gallery/Prestige City -slider6.jpg]
[prestigecity-sarjapur.in/assets/img/pdf.png]
[prestigecity-sarjapur.in/assets/img/costing-details.jpg]
[prestigecity-sarjapur.in/assets/img/plan/1 bhk.jpg]
[prestigecity-sarjapur.in/assets/img/plan/2 bhk.jpg]
[prestigecity-sarjapur.in/assets/img/plan/3 bhk.jpg]
[prestigecity-sarjapur.in/assets/img/plan/4bhk.jpg]
[prestigecity-sarjapur.in/assets/img/plan/master.jpg]
[prestigecity-sarjapur.in/assets/img/amenity/amphitheatre.png]
[prestigecity-sarjapur.in/assets/img/amenity/flags.png]
[prestigecity-sarjapur.in/assets/img/amenity/gym.png]
[prestigecity-sarjapur.in/assets/img/amenity/kids-play-area.png]
[prestigecity-sarjapur.in/assets/img/amenity/pool.png]
[prestigecity-sarjapur.in/assets/img/amenity/yoga.png]
[prestigecity-sarjapur.in/assets/img/amenity/jogging.png]
[prestigecity-sarjapur.in/assets/img/amenity/pitch.png]
[prestigecity-sarjapur.in/assets/img/amenity/basketball-court.png]
[prestigecity-sarjapur.in/assets/img/amenity/net.png]
[prestigecity-sarjapur.in/assets/img/gallery/Prestige City -slider2.jpg]
[prestigecity-sarjapur.in/assets/img/gallery/Prestige City -slider3.jpg]
[prestigecity-sarjapur.in/assets/img/gallery/Prestige City -slider7.jpg]
[prestigecity-sarjapur.in/assets/img/map.jpg]
[prestigecity-sarjapur.in/assets/img/icons/instant_call_back.png]
[prestigecity-sarjapur.in/assets/img/icons/free_site_visit.png]
[prestigecity-sarjapur.in/assets/img/icons/unmatched_price.png]
[prestigecity-sarjapur.in/assets/js/app-1-min.js]
[prestigecity-sarjapur.in/index.html]
[prestigecity-sarjapur.in/assets/fonts/muli/Muli-Regular.woff]
[prestigecity-sarjapur.in/assets/css/style-sm-1.css]
[prestigecity-sarjapur.in/assets/css/style-md-1.css]
[prestigecity-sarjapur.in/app.css]
[maxcdn.bootstrapcdn.com/bootstrap/4.1.1/css/bootstrap.min.css]
[use.fontawesome.com/releases/v5.7.2/css/all.css]
[prestigecity-sarjapur.in/assets/vendor/owl.carousel/assets/owl.video.play.png]
[prestigecity-sarjapur.in/assets/vendor/owl.carousel/assets/owl.carousel.min.css]
[prestigecity-sarjapur.in/index-2.html]
[prestigecity-sarjapur.in/assets/svg/site/home.svg]
[prestigecity-sarjapur.in/assets/svg/site/overview.svg]
[prestigecity-sarjapur.in/assets/svg/site/nav.svg]
[prestigecity-sarjapur.in/assets/svg/site/price.svg]
[prestigecity-sarjapur.in/assets/svg/site/plan.svg]
[prestigecity-sarjapur.in/assets/svg/site/amenities.svg]
[prestigecity-sarjapur.in/assets/svg/site/gallery.svg]
[prestigecity-sarjapur.in/assets/svg/site/site-visit.svg]
[prestigecity-sarjapur.in/assets/svg/site/bro-download.svg]
[prestigecity-sarjapur.in/assets/svg/site/mail.svg]
[prestigecity-sarjapur.in/assets/svg/site/loader.svg]
[prestigecity-sarjapur.in/assets/svg/site/zoom.svg]
[prestigecity-sarjapur.in/assets/svg/site/video-play.svg]
[prestigecity-sarjapur.in/assets/svg/site/call-back.svg]
[prestigecity-sarjapur.in/assets/svg/site/msg.svg]
